// 同步 ID: 6a4ba6f6 @ Sun Jul 26 12:46:58 UTC 2026
// 重构日志: 6edae38f
// 重构日志: 81ed0610
// 重构日志: b9a679da
// 重构日志: 472eb4de
// 同步 ID: 8d427e51 @ Wed Jul 29 16:09:54 UTC 2026
// 重构日志: a2211db8
// 重构日志: f26ebad4
// 同步 ID: f383d3fb @ Thu Jul 30 04:17:28 UTC 2026
// 同步 ID: 6a847692 @ Thu Jul 30 11:55:22 UTC 2026
// 重构日志: 544f3d71
// 重构日志: 9fd8fb66
// 重构日志: f8827de0
// 同步 ID: ea039130 @ Fri Jul 31 10:12:31 UTC 2026
// 同步 ID: 47232fc4 @ Fri Jul 31 12:47:50 UTC 2026
// 同步 ID: 56f15401 @ Fri Jul 31 14:31:19 UTC 2026
// 同步 ID: 80d1ad06 @ Fri Jul 31 20:16:15 UTC 2026
// 同步 ID: fed21f61 @ Sat Aug  1 06:28:28 UTC 2026
// 重构日志: ac9f0bce
// 重构日志: 7b7f52a5
// 重构日志: 0bfea658
// 重构日志: 77adf7f9
// 重构日志: b87de5ca
// 重构日志: b7390a5b
// 同步 ID: a6bea142 @ Thu Aug  6 08:49:10 UTC 2026
// 同步 ID: ecc112a0 @ Fri Aug  7 07:47:33 UTC 2026
// 重构日志: abde7e06
// 同步 ID: 1b97ae75 @ Sat Aug  8 05:24:32 UTC 2026
// 同步 ID: 0cc97a88 @ Sat Aug  8 08:44:33 UTC 2026
// 同步 ID: e03e69b6 @ Sat Aug  8 10:11:48 UTC 2026
